mysql> CREATE DATABASE JOBRECRUITMENTSYSTEM;
Query OK, 1 row affected (0.02 sec)

mysql> 
mysql> USE JOBRECRUITMENTSYSTEM;
Database changed
mysql> 
mysql> CREATE TABLE COMPANY
    -> (
    -> COMPANY_ID VARCHAR(10) NOT NULL PRIMARY KEY,
    -> COMPANY_NAME VARCHAR(30),
    -> COMPANY_ADDRESS VARCHAR(100)
    -> );
Query OK, 0 rows affected (0.04 sec)

mysql> 
mysql> CREATE TABLE JOB
    -> (
    -> JOB_ID VARCHAR(10) NOT NULL PRIMARY KEY,
    -> DATE_PUBLISHED DATE,
    -> NUM_VACANCIES INT,
    -> JOB_PLATFORM_ID VARCHAR(10)
    -> );
Query OK, 0 rows affected (0.01 sec)

mysql> 
mysql> CREATE TABLE JOB_POSITION
    -> (
    -> JOB_POSITION_ID VARCHAR(10) NOT NULL PRIMARY KEY,
    -> JOB_TITLE VARCHAR(100),
    -> JOB_PURPOSE VARCHAR(100),
    -> JOB_ID VARCHAR(10),
    -> CONSTRAINT JOB_POSITION_FK FOREIGN KEY(JOB_ID) REFERENCES JOB(JOB_ID)
    -> );
Query OK, 0 rows affected (0.01 sec)

mysql> 
mysql> CREATE TABLE JOB_CATEGORY
    -> (
    -> JOB_CATEGORY_ID VARCHAR(10) NOT NULL PRIMARY KEY,
    -> JOB_DEPARTMENT VARCHAR(100),
    -> JOB_ID VARCHAR(10),
    -> CONSTRAINT JOB_CATEGORY_FK FOREIGN KEY(JOB_ID) REFERENCES JOB(JOB_ID)
    -> );
Query OK, 0 rows affected (0.01 sec)

mysql> 
mysql> CREATE TABLE JOB_PLATFORM
    -> (
    -> JOB_PLATFORM_ID VARCHAR(10) NOT NULL PRIMARY KEY,
    -> JOB_OPENING_MEDIUM VARCHAR(100),
    -> JOB_SEARCHING_LINK VARCHAR(100)
    -> );
Query OK, 0 rows affected (0.01 sec)

mysql> 
mysql> CREATE TABLE APPLICANT_DOCUMENT
    -> (
    -> DOCUMENT_ID VARCHAR(10) NOT NULL PRIMARY KEY,
    -> DOCUMENT_TYPE VARCHAR(10),
    -> LAST_UPDATE_STATUS DATE
    -> );
Query OK, 0 rows affected (0.01 sec)

mysql> 
mysql> CREATE TABLE APPLICATION_DETAIL
    -> (
    -> APPLICATION_ID VARCHAR(10) NOT NULL PRIMARY KEY,
    -> DATE_APPLICATION DATE,
    -> EDUCATION_LEVEL VARCHAR(10),
    -> EXPERIENCE VARCHAR(10),
    -> SUBMISSION_FREQUENCY INT,
    -> DOCUMENT_ID VARCHAR(10),
    -> JOB_ID VARCHAR(10),
    -> CONSTRAINT APPLICATION_DETAIL_FK1 FOREIGN KEY(JOB_ID) REFERENCES JOB(JOB_ID),
    -> CONSTRAINT APPLICATION_DETAIL_FK2 FOREIGN KEY(DOCUMENT_ID) REFERENCES APPLICANT_DOCUMENT(DOCUMENT_ID)
    -> );
Query OK, 0 rows affected (0.01 sec)

mysql> 
mysql> CREATE TABLE APPLICANT_CREDENTIAL
    -> (
    -> CREDENTIAL_ID VARCHAR(10) NOT NULL PRIMARY KEY,
    -> CRIME_RECORD INT,
    -> CREDIT_STATUS VARCHAR(20)
    -> );
Query OK, 0 rows affected (0.01 sec)

mysql> 
mysql> CREATE TABLE APPLICANT
    -> (
    -> APPLICANT_ID VARCHAR(10) NOT NULL PRIMARY KEY,
    -> FIRST_NAME VARCHAR(20),
    -> LAST_NAME VARCHAR(20),
    -> EMAIL VARCHAR(50),
    -> PHONENUMBER VARCHAR(20),
    -> IC_NO VARCHAR(30),
    -> HOME_ADDRESS VARCHAR(100),
    -> AGE INT,
    -> CREDENTIAL_ID VARCHAR(10),
    -> CONSTRAINT APPLICANT_FK FOREIGN KEY(CREDENTIAL_ID) REFERENCES APPLICANT_CREDENTIAL(CREDENTIAL_ID)
    -> );
Query OK, 0 rows affected (0.01 sec)

mysql> 
mysql> CREATE TABLE RESUME
    -> (
    -> APPLICATION_ID VARCHAR(10) NOT NULL,
    -> FOREIGN KEY(APPLICATION_ID) REFERENCES APPLICATION_DETAIL(APPLICATION_ID),
    -> APPLICANT_ID VARCHAR(10) NOT NULL,
    -> FOREIGN KEY(APPLICANT_ID) REFERENCES APPLICANT(APPLICANT_ID),
    -> PRIMARY KEY(APPLICATION_ID,APPLICANT_ID),
    -> RESUME_PURPOSE VARCHAR(100)
    -> );
Query OK, 0 rows affected (0.01 sec)

mysql> 
mysql> CREATE TABLE SELECTION_PROCESS
    -> (
    -> SELECTION_ID VARCHAR(10) NOT NULL PRIMARY KEY,
    -> APPOINTMENT_DATE DATE,
    -> CANDIDATE_CATEGORY VARCHAR(30),
    -> JOB_RECRUITER VARCHAR(10),
    -> COMPANY_ID VARCHAR(10),
    -> CONSTRAINT SELECTION_PROCESS_FK FOREIGN KEY(COMPANY_ID) REFERENCES COMPANY(COMPANY_ID)
    -> );
Query OK, 0 rows affected (0.01 sec)

mysql> 
mysql> CREATE TABLE APPLICANT_EVALUATION
    -> (
    -> EVALUATION_ID VARCHAR(10) NOT NULL PRIMARY KEY,
    -> OVERVIEW VARCHAR(100),
    -> RATING VARCHAR(5),
    -> APPLICATION_ID VARCHAR(10),
    -> CONSTRAINT APPLICANT_EVALUATION_FK FOREIGN KEY(APPLICATION_ID) REFERENCES APPLICATION_DETAIL(APPLICATION_ID)
    -> );
Query OK, 0 rows affected (0.01 sec)

mysql> 
mysql> CREATE TABLE BRANCH
    -> (
    -> SELECTION_ID VARCHAR(10) NOT NULL,
    -> FOREIGN KEY(SELECTION_ID) REFERENCES SELECTION_PROCESS(SELECTION_ID),
    -> EVALUATION_ID VARCHAR(10) NOT NULL,
    -> FOREIGN KEY(EVALUATION_ID) REFERENCES APPLICANT_EVALUATION(EVALUATION_ID),
    -> PRIMARY KEY(SELECTION_ID,EVALUATION_ID),
    -> STATE VARCHAR(20),
    -> MEETING_ROOM_NO VARCHAR(10)
    -> );
Query OK, 0 rows affected (0.01 sec)

mysql> 
mysql> CREATE TABLE APPLICATION_TEST
    -> (
    -> TEST_ID VARCHAR(10) NOT NULL PRIMARY KEY,
    -> START_TIME TIME,
    -> END_TIME TIME,
    -> TEST_CATEGORY VARCHAR(20),
    -> SCORE INT,
    -> APPLICATION_ID VARCHAR(10),
    -> CONSTRAINT APPLICATION_TEST_FK FOREIGN KEY(APPLICATION_ID) REFERENCES APPLICATION_DETAIL(APPLICATION_ID)
    -> );
Query OK, 0 rows affected (0.01 sec)

mysql> 
mysql> CREATE TABLE INTERVIEW
    -> (
    -> SELECTION_ID VARCHAR(10) NOT NULL,
    -> FOREIGN KEY(SELECTION_ID) REFERENCES SELECTION_PROCESS(SELECTION_ID),
    -> TEST_ID VARCHAR(10) NOT NULL,
    -> FOREIGN KEY(TEST_ID) REFERENCES APPLICATION_TEST(TEST_ID),
    -> PRIMARY KEY(SELECTION_ID,TEST_ID),
    -> APPOINTMENT_TIME TIME,
    -> QUESTION VARCHAR(100)
    -> );
Query OK, 0 rows affected (0.01 sec)

mysql> 
mysql> CREATE TABLE TEST_RESULT
    -> (
    -> RESULT_ID VARCHAR(10) NOT NULL PRIMARY KEY,
    -> KNOWLEDGE_GRADES VARCHAR(10),
    -> PRACTICAL_GRADES VARCHAR(10),
    -> ATTITUDE_GRADES VARCHAR(10),
    -> OVERALL_GRADES VARCHAR(10),
    -> TEST_ID VARCHAR(10),
    -> CONSTRAINT TEST_RESULT_FK FOREIGN KEY(TEST_ID) REFERENCES APPLICATION_TEST(TEST_ID)
    -> );
Query OK, 0 rows affected (0.01 sec)

mysql> 
mysql> CREATE TABLE INTERVIEW_DECISION
    -> (
    -> DECISION_ID VARCHAR(10) NOT NULL PRIMARY KEY,
    -> HIRED_DECISION VARCHAR(10),
    -> PASS_STATUS VARCHAR(10),
    -> SELECTION_ID VARCHAR(10),
    -> RESULT_ID VARCHAR(10),
    -> CONSTRAINT INTERVIEW_DECISION_FK1 FOREIGN KEY(SELECTION_ID) REFERENCES SELECTION_PROCESS(SELECTION_ID),
    -> CONSTRAINT INTERVIEW_DECISION_FK2 FOREIGN KEY(RESULT_ID) REFERENCES TEST_RESULT(RESULT_ID)
    -> );
Query OK, 0 rows affected (0.02 sec)

mysql> INSERT INTO COMPANY
    -> VALUES
    -> ('C001','Samsung','37A Jalan Bakawali 52 Taman Jaya, 81100 Johor Bahru Johor'),
    -> ('C002','Apple','No. 43 Jln Lombong Emas 2 Taman Industri Ringan Mps 70200 Negeri Sembilan'),
    -> ('C003','Xiaomi','1 Blok 488D One Stop Centre Jln Burma 10350 Penang'),
    -> ('C004','Banana','G Wisma Mirama Jln Wisma Putra 50460 Wilayah Persekutuan'),
    -> ('C005','Pineapple','27 Jln Permatang 2 Taman Desa Jaya 81100 Johor'),
    -> ('C006','Tesla','7 Batu 2/3 Jalan Taman Perindustrian Tampoi Jaya Johor Bahru'),
    -> ('C007','Nike','No. 55 Jln Telawi 3 Bangsar Baru Kuala Lumpur'),
    -> ('C008','Puma','2 2 Jln Tp 5 Taman Perindustrian Sime Uep Petaling Jaya'),
    -> ('C009','Adidas','C 3A 23 4Th Floor Blok C Megan Phoenix Jalan 2/142A Km 10 Jalan Cheras Mal Kuala Lumpur'),
    -> ('C010','Huawei','Bangunan Kerjasama Jln Dhoby Johor Bahru');
Query OK, 10 rows affected (0.01 sec)
Records: 10  Duplicates: 0  Warnings: 0

mysql> 
mysql> INSERT INTO JOB
    -> VALUES
    -> ('J001','2023-01-01',5,'PL001'),
    -> ('J002','2023-01-15',7,'PL002'),
    -> ('J003','2023-01-20',3,'PL003'),
    -> ('J004','2023-01-25',5,'PL004'),
    -> ('J005','2023-02-01',4,'PL005'),
    -> ('J006','2023-01-22',6,'PL006'),
    -> ('J007','2023-01-08',6,'PL007'),
    -> ('J008','2023-01-07',3,'PL008'),
    -> ('J009','2023-01-17',1,'PL009'),
    -> ('J010','2023-01-23',2,'PL010');
Query OK, 10 rows affected (0.00 sec)
Records: 10  Duplicates: 0  Warnings: 0

mysql> 
mysql> INSERT INTO JOB_POSITION
    -> VALUES
    -> ('JP001','Accountant','Management and reporting of financial data','J001'),
    -> ('JP002','Social media manager','Identifying trends in customer interactions','J002'),
    -> ('JP003','Technical support specialist','Providing technical support','J003'),
    -> ('JP004','Business analyst','Defining business problems','J004'),
    -> ('JP005','Sales trainee','Observing the sales process by assisting sales representatives','J005'),
    -> ('JP006','Human resources manager','Overseeing the administrative functions of an organization','J006'),
    -> ('JP007','Chief financial officer','Racking cash flow and financial planning','J007'),
    -> ('JP008','Product manager','Identifying  customer need and  larger business objectives','J008'),
    -> ('JP009','Business analyst','Defining business problems','J009'),
    -> ('JP010','Finance manager','Budget planning','J010');
Query OK, 10 rows affected (0.00 sec)
Records: 10  Duplicates: 0  Warnings: 0

mysql> 
mysql> INSERT INTO JOB_CATEGORY
    -> VALUES
    -> ('JC001','Finance','J001'),
    -> ('JC002','Marketing','J002'),
    -> ('JC003','Customer service','J003'),
    -> ('JC004','Business','J004'),
    -> ('JC005','Sales','J005'),
    -> ('JC006','Human resource','J006'),
    -> ('JC007','Finance','J007'),
    -> ('JC008','Marketing','J008'),
    -> ('JC009','Business','J009'),
    -> ('JC010','Finance','J010');
Query OK, 10 rows affected (0.00 sec)
Records: 10  Duplicates: 0  Warnings: 0

mysql> 
mysql> INSERT INTO JOB_PLATFORM
    -> VALUES
    -> ('PL001','Facebook','https://www.jobstreet.com.my/en/job-search/department-jobs/'),
    -> ('PL002','Youtube','https://blog.hubspot.com/marketing/marketing-job-descriptions'),
    -> ('PL003','Linkedin','https://blog.hubspot.com/service/what-are-customer-service-jobs'),
    -> ('PL004','Facebook','https://www.indeed.com/career-advice/career-development/business-departments'),
    -> ('PL005','Instagram','https://www.pipedrive.com/en/blog/types-of-sales-jobs'),
    -> ('PL006','Youtube','https://www.theladders.com/'),
    -> ('PL007','Linkedin','https://angel.co/'),
    -> ('PL008','Instagram','https://www.internships.com/'),
    -> ('PL009','Linkedin','https://www.linkedin.com/feed/'),
    -> ('PL010','Facebook','https://www.jobstreet.com.my/en/companies/610504-aeon-co-m');
Query OK, 10 rows affected (0.00 sec)
Records: 10  Duplicates: 0  Warnings: 0

mysql> 
mysql> INSERT INTO APPLICANT_DOCUMENT
    -> VALUES
    -> ('D001','SoftCopy','2023-03-08'),
    -> ('D002','HardCopy','2023-02-20'),
    -> ('D003','HardCopy','2023-03-08'),
    -> ('D004','SoftCopy','2023-03-04'),
    -> ('D005','SoftCopy','2023-02-08'),
    -> ('D006','SoftCopy','2023-02-20'),
    -> ('D007','SoftCopy','2023-01-16'),
    -> ('D008','SoftCopy','2023-02-08'),
    -> ('D009','SoftCopy','2023-02-25'),
    -> ('D010','SoftCopy','2023-02-28');
Query OK, 10 rows affected (0.00 sec)
Records: 10  Duplicates: 0  Warnings: 0

mysql> 
mysql> INSERT INTO APPLICATION_DETAIL
    -> VALUES
    -> ('AP001','2023-03-01','Degree','5 Years',4,'D001','J001'),
    -> ('AP002','2023-02-13','O-Level','4 Years',5,'D002','J002'),
    -> ('AP003','2023-03-01','A-Level','3 Years',3,'D003','J003'),
    -> ('AP004','2023-02-24','Degree','4 Years',1,'D004','J004'),
    -> ('AP005','2023-02-01','Degree','13 Years',2,'D005','J005'),
    -> ('AP006','2023-02-12','Degree','1 Years',6,'D006','J006'),
    -> ('AP007','2023-01-09','Degree','5 Years',5,'D007','J007'),
    -> ('AP008','2023-02-01','Master','10 Years',3,'D008','J008'),
    -> ('AP009','2023-02-17','Degree','8 Years',5,'D009','J009'),
    -> ('AP010','2023-02-20','Phd','10 Years',3,'D010','J010');
Query OK, 10 rows affected (0.00 sec)
Records: 10  Duplicates: 0  Warnings: 0

mysql> 
mysql> INSERT INTO APPLICANT_CREDENTIAL
    -> VALUES
    -> ('CR001',0,'Excellent'),
    -> ('CR002',0,'Good'),
    -> ('CR003',2,'Poor'),
    -> ('CR004',0,'Good'),
    -> ('CR005',1,'Dissatisfaction'),
    -> ('CR006',0,'Good'),
    -> ('CR007',0,'Excellent'),
    -> ('CR008',0,'Excellent'),
    -> ('CR009',0,'Excellent'),
    -> ('CR010',0,'Excellent');
Query OK, 10 rows affected (0.00 sec)
Records: 10  Duplicates: 0  Warnings: 0

mysql> 
mysql> INSERT INTO APPLICANT
    -> VALUES
    -> ('A001','Eric','Louis','ericlouis90@gmail.com','012-9339692','941112-10-5847','No.20 Mankato Mississippi 96522 Selangor',29,'CR001'),
    -> ('A002','Adam','Zafar','adamzafar32@gmail.com','010-5990205','970123-13-6083','No.17 Frederick Nebraska 20620 Sarawak',26,'CR002'),
    -> ('A003','Carl','Fong','carlfong01@gmail.com','015-8448683','010308-02-9421','No1. Street Roseville 11523 Kedah',22,'CR003'),
    -> ('A004','Steve','Job','stevejob60@gmail.com','016-7667173','901220-09-7147','No.69 San Antonio 47096 Perlis',33,'CR004'),
    -> ('A005','Thomas','Musk','thomasmusk1884@gmail.com','013-9889696','840920-01-1421','No.67 Road Chelsea 67708 Johor',38,'CR005'),
    -> ('A006','Anakin','Yee','anakinyeeee@gmail.com','010-5984453','980715-14-8573','9,  Jalan Kaskas, Taman Cheras, 52082 Cheras, Wilayah Persekutuan Kuala Lumpur, Malaysia',25,'CR006'),
    -> ('A007','Janice','Wong','Janiceee_77@gmail.com','019-3774189','920422-07-5104','84, Lebuh Pasar, George Town, 10933 George Town, Pulau Pinang',31,'CR007'),
    -> ('A008','Benedict','Cumberbatch','wizard123@gmail.com','016-8513312','850228-08-9655','40, Jalan Gunung Rapat, Taman Rapat Setia, 304 Ipoh, Perak',37,'CR008'),
    -> ('A009','Henry','Lau','henrylau1980@gmail.com','018-3364758','891225-01-2167','44, Jln Medini Sentral 5, 79194 Nusajaya, Johor',34,'CR009'),
    -> ('A010','Allan','Skywalker','allanskywalker99@gmail.com','011-7741258','880103-10-0473','54, Jalan Subang, Industries Park, 4761 Subang Jaya, Selangor',35,'CR010');
Query OK, 10 rows affected (0.00 sec)
Records: 10  Duplicates: 0  Warnings: 0

mysql> 
mysql> INSERT INTO RESUME
    -> VALUES
    -> ('AP001','A001','Equipped with finance knowledge'),
    -> ('AP002','A002','Ability in communication'),
    -> ('AP003','A003','Ability in solving problem'),
    -> ('AP004','A004','Ability in analyzing business data'),
    -> ('AP005','A005','Ability in communication'),
    -> ('AP006','A006','Ability in leadership and time management'),
    -> ('AP007','A007','Equipped with finance knowledge'),
    -> ('AP008','A008','Ability in communication'),
    -> ('AP009','A009','Ability in analyzing business data'),
    -> ('AP010','A010','Equipped with finance knowledge');
Query OK, 10 rows affected (0.00 sec)
Records: 10  Duplicates: 0  Warnings: 0

mysql> 
mysql> INSERT INTO SELECTION_PROCESS
    -> VALUES
    -> ('SE001','2023-03-27','Senior Level','Amy','C001'),
    -> ('SE002','2023-03-04','Junior Level','Sean','C002'),
    -> ('SE003','2023-03-26','Junior Level','Allan','C003'),
    -> ('SE004','2023-03-16','Senior Level','John','C004'),
    -> ('SE005','2023-02-25','Higher Level','Anderson','C005'),
    -> ('SE006','2023-03-04','Fresh Graduate Level','Emily','C006'),
    -> ('SE007','2023-01-30','Senior Level','Stan','C007'),
    -> ('SE008','2023-02-24','Higher Level','Robert','C008'),
    -> ('SE009','2023-03-11','Senior Level','Nicole','C009'),
    -> ('SE010','2023-03-15','Higher Level','Jacky','C010');
Query OK, 10 rows affected (0.00 sec)
Records: 10  Duplicates: 0  Warnings: 0

mysql> 
mysql> INSERT INTO APPLICANT_EVALUATION
    -> VALUES
    -> ('EV001','Good learning ability','A','AP001'),
    -> ('EV002','Job hopper','C','AP002'),
    -> ('EV003','Weak leadership','C','AP003'),
    -> ('EV004','Poor communication skill','D','AP004'),
    -> ('EV005','Strong leadership','S','AP005'),
    -> ('EV006','Lack of experience','C','AP006'),
    -> ('EV007','Creative thinking','A','AP007'),
    -> ('EV008','Well experienced with professional knowledge based','A','AP008'),
    -> ('EV009','Good communication skill','B','AP009'),
    -> ('EV010','Good problem solving skill','S','AP010');
Query OK, 10 rows affected (0.00 sec)
Records: 10  Duplicates: 0  Warnings: 0

mysql> 
mysql> INSERT INTO BRANCH
    -> VALUES
    -> ('SE001','EV001','Penang','PN1'),
    -> ('SE002','EV002','Sarawak','SRW3'),
    -> ('SE003','EV003','Perak','PK4'),
    -> ('SE004','EV004','Selangor','SE3'),
    -> ('SE005','EV005','Perlis','PS4'),
    -> ('SE006','EV006','Melaka','MK5'),
    -> ('SE007','EV007','Pahang','PH2'),
    -> ('SE008','EV008','Johor','JH1'),
    -> ('SE009','EV009','Sabah','SB2'),
    -> ('SE010','EV010','Selangor','SE2');
Query OK, 10 rows affected (0.00 sec)
Records: 10  Duplicates: 0  Warnings: 0

mysql> 
mysql> INSERT INTO APPLICATION_TEST
    -> VALUES
    -> ('TT001','12:00','14:00','Perfomance-Based',95,'AP001'),
    -> ('TT002','12:00','14:00','Perfomance-Based',70,'AP002'),
    -> ('TT003','14:00','16:00','Communication',60,'AP003'),
    -> ('TT004','12:00','14:00','Behavioural',68,'AP004'),
    -> ('TT005','14:00','16:00','Communication',92,'AP005'),
    -> ('TT006','12:00','14:00','Perfomance-Based',74,'AP006'),
    -> ('TT007','14:00','16:00','Perfomance-Based',93,'AP007'),
    -> ('TT008','14:00','16:00','Communication',90,'AP008'),
    -> ('TT009','12:00','14:00','Bahavioural',88,'AP009'),
    -> ('TT010','14:00','16:00','Communication',97,'AP010');
Query OK, 10 rows affected (0.00 sec)
Records: 10  Duplicates: 0  Warnings: 0

mysql> 
mysql> INSERT INTO INTERVIEW
    -> VALUES
    -> ('SE001','TT001','10.00','SETA1'),
    -> ('SE002','TT002','10.00','SETA3'),
    -> ('SE003','TT003','12.00','SETB2'),
    -> ('SE004','TT004','10.00','SETC2'),
    -> ('SE005','TT005','12.00','SETB1'),
    -> ('SE006','TT006','10.00','SETA3'),
    -> ('SE007','TT007','12.00','SETA2'),
    -> ('SE008','TT008','12.00','SETB3'),
    -> ('SE009','TT009','10.00','SETC2'),
    -> ('SE010','TT010','12.00','SETB1');
Query OK, 10 rows affected (0.00 sec)
Records: 10  Duplicates: 0  Warnings: 0

mysql> 
mysql> INSERT INTO TEST_RESULT
    -> VALUES
    -> ('R001','A','A','A','A','TT001'),
    -> ('R002','B','C','B','B','TT002'),
    -> ('R003','C','B','C','C','TT003'),
    -> ('R004','C','C','A','B','TT004'),
    -> ('R005','A','A','B','A','TT005'),
    -> ('R006','B','C','A','B','TT006'),
    -> ('R007','A','B','A','A','TT007'),
    -> ('R008','B','A','A','A','TT008'),
    -> ('R009','A','C','A','A','TT009'),
    -> ('R010','A','A','A','A','TT010');
Query OK, 10 rows affected (0.00 sec)
Records: 10  Duplicates: 0  Warnings: 0

mysql> 
mysql> INSERT INTO INTERVIEW_DECISION
    -> VALUES
    -> ('DD001','Yes','Pass','SE001','R001'),
    -> ('DD002','No','Fail','SE002','R002'),
    -> ('DD003','No','Fail','SE003','R003'),
    -> ('DD004','No','Fail','SE004','R004'),
    -> ('DD005','Yes','Pass','SE005','R005'),
    -> ('DD006','No','Fail','SE006','R006'),
    -> ('DD007','Yes','Pass','SE007','R007'),
    -> ('DD008','Yes','Pass','SE008','R008'),
    -> ('DD009','Yes','Pass','SE009','R009'),
    -> ('DD010','Yes','Pass','SE010','R010');
Query OK, 10 rows affected (0.00 sec)
Records: 10  Duplicates: 0  Warnings: 0

mysql> 
mysql> select * from company;
+------------+--------------+-----------------------------------------------------------------------------------------+
| COMPANY_ID | COMPANY_NAME | COMPANY_ADDRESS                                                                         |
+------------+--------------+-----------------------------------------------------------------------------------------+
| C001       | Samsung      | 37A Jalan Bakawali 52 Taman Jaya, 81100 Johor Bahru Johor                               |
| C002       | Apple        | No. 43 Jln Lombong Emas 2 Taman Industri Ringan Mps 70200 Negeri Sembilan               |
| C003       | Xiaomi       | 1 Blok 488D One Stop Centre Jln Burma 10350 Penang                                      |
| C004       | Banana       | G Wisma Mirama Jln Wisma Putra 50460 Wilayah Persekutuan                                |
| C005       | Pineapple    | 27 Jln Permatang 2 Taman Desa Jaya 81100 Johor                                          |
| C006       | Tesla        | 7 Batu 2/3 Jalan Taman Perindustrian Tampoi Jaya Johor Bahru                            |
| C007       | Nike         | No. 55 Jln Telawi 3 Bangsar Baru Kuala Lumpur                                           |
| C008       | Puma         | 2 2 Jln Tp 5 Taman Perindustrian Sime Uep Petaling Jaya                                 |
| C009       | Adidas       | C 3A 23 4Th Floor Blok C Megan Phoenix Jalan 2/142A Km 10 Jalan Cheras Mal Kuala Lumpur |
| C010       | Huawei       | Bangunan Kerjasama Jln Dhoby Johor Bahru                                                |
+------------+--------------+-----------------------------------------------------------------------------------------+
10 rows in set (0.00 sec)

mysql> select * from job;
+--------+----------------+---------------+-----------------+
| JOB_ID | DATE_PUBLISHED | NUM_VACANCIES | JOB_PLATFORM_ID |
+--------+----------------+---------------+-----------------+
| J001   | 2023-01-01     |             5 | PL001           |
| J002   | 2023-01-15     |             7 | PL002           |
| J003   | 2023-01-20     |             3 | PL003           |
| J004   | 2023-01-25     |             5 | PL004           |
| J005   | 2023-02-01     |             4 | PL005           |
| J006   | 2023-01-22     |             6 | PL006           |
| J007   | 2023-01-08     |             6 | PL007           |
| J008   | 2023-01-07     |             3 | PL008           |
| J009   | 2023-01-17     |             1 | PL009           |
| J010   | 2023-01-23     |             2 | PL010           |
+--------+----------------+---------------+-----------------+
10 rows in set (0.00 sec)

mysql> select * from job_position;
+-----------------+------------------------------+----------------------------------------------------------------+--------+
| JOB_POSITION_ID | JOB_TITLE                    | JOB_PURPOSE                                                    | JOB_ID |
+-----------------+------------------------------+----------------------------------------------------------------+--------+
| JP001           | Accountant                   | Management and reporting of financial data                     | J001   |
| JP002           | Social media manager         | Identifying trends in customer interactions                    | J002   |
| JP003           | Technical support specialist | Providing technical support                                    | J003   |
| JP004           | Business analyst             | Defining business problems                                     | J004   |
| JP005           | Sales trainee                | Observing the sales process by assisting sales representatives | J005   |
| JP006           | Human resources manager      | Overseeing the administrative functions of an organization     | J006   |
| JP007           | Chief financial officer      | Racking cash flow and financial planning                       | J007   |
| JP008           | Product manager              | Identifying  customer need and  larger business objectives     | J008   |
| JP009           | Business analyst             | Defining business problems                                     | J009   |
| JP010           | Finance manager              | Budget planning                                                | J010   |
+-----------------+------------------------------+----------------------------------------------------------------+--------+
10 rows in set (0.00 sec)

mysql> select * from job_category;
+-----------------+------------------+--------+
| JOB_CATEGORY_ID | JOB_DEPARTMENT   | JOB_ID |
+-----------------+------------------+--------+
| JC001           | Finance          | J001   |
| JC002           | Marketing        | J002   |
| JC003           | Customer service | J003   |
| JC004           | Business         | J004   |
| JC005           | Sales            | J005   |
| JC006           | Human resource   | J006   |
| JC007           | Finance          | J007   |
| JC008           | Marketing        | J008   |
| JC009           | Business         | J009   |
| JC010           | Finance          | J010   |
+-----------------+------------------+--------+
10 rows in set (0.00 sec)

mysql> select * from job_platform;
+-----------------+--------------------+------------------------------------------------------------------------------+
| JOB_PLATFORM_ID | JOB_OPENING_MEDIUM | JOB_SEARCHING_LINK                                                           |
+-----------------+--------------------+------------------------------------------------------------------------------+
| PL001           | Facebook           | https://www.jobstreet.com.my/en/job-search/department-jobs/                  |
| PL002           | Youtube            | https://blog.hubspot.com/marketing/marketing-job-descriptions                |
| PL003           | Linkedin           | https://blog.hubspot.com/service/what-are-customer-service-jobs              |
| PL004           | Facebook           | https://www.indeed.com/career-advice/career-development/business-departments |
| PL005           | Instagram          | https://www.pipedrive.com/en/blog/types-of-sales-jobs                        |
| PL006           | Youtube            | https://www.theladders.com/                                                  |
| PL007           | Linkedin           | https://angel.co/                                                            |
| PL008           | Instagram          | https://www.internships.com/                                                 |
| PL009           | Linkedin           | https://www.linkedin.com/feed/                                               |
| PL010           | Facebook           | https://www.jobstreet.com.my/en/companies/610504-aeon-co-m                   |
+-----------------+--------------------+------------------------------------------------------------------------------+
10 rows in set (0.00 sec)

mysql> select * from applicant_document;
+-------------+---------------+--------------------+
| DOCUMENT_ID | DOCUMENT_TYPE | LAST_UPDATE_STATUS |
+-------------+---------------+--------------------+
| D001        | SoftCopy      | 2023-03-08         |
| D002        | HardCopy      | 2023-02-20         |
| D003        | HardCopy      | 2023-03-08         |
| D004        | SoftCopy      | 2023-03-04         |
| D005        | SoftCopy      | 2023-02-08         |
| D006        | SoftCopy      | 2023-02-20         |
| D007        | SoftCopy      | 2023-01-16         |
| D008        | SoftCopy      | 2023-02-08         |
| D009        | SoftCopy      | 2023-02-25         |
| D010        | SoftCopy      | 2023-02-28         |
+-------------+---------------+--------------------+
10 rows in set (0.00 sec)

mysql> select * from application_detail;
+----------------+------------------+-----------------+------------+----------------------+-------------+--------+
| APPLICATION_ID | DATE_APPLICATION | EDUCATION_LEVEL | EXPERIENCE | SUBMISSION_FREQUENCY | DOCUMENT_ID | JOB_ID |
+----------------+------------------+-----------------+------------+----------------------+-------------+--------+
| AP001          | 2023-03-01       | Degree          | 5 Years    |                    4 | D001        | J001   |
| AP002          | 2023-02-13       | O-Level         | 4 Years    |                    5 | D002        | J002   |
| AP003          | 2023-03-01       | A-Level         | 3 Years    |                    3 | D003        | J003   |
| AP004          | 2023-02-24       | Degree          | 4 Years    |                    1 | D004        | J004   |
| AP005          | 2023-02-01       | Degree          | 13 Years   |                    2 | D005        | J005   |
| AP006          | 2023-02-12       | Degree          | 1 Years    |                    6 | D006        | J006   |
| AP007          | 2023-01-09       | Degree          | 5 Years    |                    5 | D007        | J007   |
| AP008          | 2023-02-01       | Master          | 10 Years   |                    3 | D008        | J008   |
| AP009          | 2023-02-17       | Degree          | 8 Years    |                    5 | D009        | J009   |
| AP010          | 2023-02-20       | Phd             | 10 Years   |                    3 | D010        | J010   |
+----------------+------------------+-----------------+------------+----------------------+-------------+--------+
10 rows in set (0.00 sec)

mysql> select * from applicant_credential;
+---------------+--------------+-----------------+
| CREDENTIAL_ID | CRIME_RECORD | CREDIT_STATUS   |
+---------------+--------------+-----------------+
| CR001         |            0 | Excellent       |
| CR002         |            0 | Good            |
| CR003         |            2 | Poor            |
| CR004         |            0 | Good            |
| CR005         |            1 | Dissatisfaction |
| CR006         |            0 | Good            |
| CR007         |            0 | Excellent       |
| CR008         |            0 | Excellent       |
| CR009         |            0 | Excellent       |
| CR010         |            0 | Excellent       |
+---------------+--------------+-----------------+
10 rows in set (0.00 sec)

mysql> select * from applicant;
+--------------+------------+-------------+----------------------------+-------------+----------------+------------------------------------------------------------------------------------------+------+---------------+
| APPLICANT_ID | FIRST_NAME | LAST_NAME   | EMAIL                      | PHONENUMBER | IC_NO          | HOME_ADDRESS                                                                             | AGE  | CREDENTIAL_ID |
+--------------+------------+-------------+----------------------------+-------------+----------------+------------------------------------------------------------------------------------------+------+---------------+
| A001         | Eric       | Louis       | ericlouis90@gmail.com      | 012-9339692 | 941112-10-5847 | No.20 Mankato Mississippi 96522 Selangor                                                 |   29 | CR001         |
| A002         | Adam       | Zafar       | adamzafar32@gmail.com      | 010-5990205 | 970123-13-6083 | No.17 Frederick Nebraska 20620 Sarawak                                                   |   26 | CR002         |
| A003         | Carl       | Fong        | carlfong01@gmail.com       | 015-8448683 | 010308-02-9421 | No1. Street Roseville 11523 Kedah                                                        |   22 | CR003         |
| A004         | Steve      | Job         | stevejob60@gmail.com       | 016-7667173 | 901220-09-7147 | No.69 San Antonio 47096 Perlis                                                           |   33 | CR004         |
| A005         | Thomas     | Musk        | thomasmusk1884@gmail.com   | 013-9889696 | 840920-01-1421 | No.67 Road Chelsea 67708 Johor                                                           |   38 | CR005         |
| A006         | Anakin     | Yee         | anakinyeeee@gmail.com      | 010-5984453 | 980715-14-8573 | 9,  Jalan Kaskas, Taman Cheras, 52082 Cheras, Wilayah Persekutuan Kuala Lumpur, Malaysia |   25 | CR006         |
| A007         | Janice     | Wong        | Janiceee_77@gmail.com      | 019-3774189 | 920422-07-5104 | 84, Lebuh Pasar, George Town, 10933 George Town, Pulau Pinang                            |   31 | CR007         |
| A008         | Benedict   | Cumberbatch | wizard123@gmail.com        | 016-8513312 | 850228-08-9655 | 40, Jalan Gunung Rapat, Taman Rapat Setia, 304 Ipoh, Perak                               |   37 | CR008         |
| A009         | Henry      | Lau         | henrylau1980@gmail.com     | 018-3364758 | 891225-01-2167 | 44, Jln Medini Sentral 5, 79194 Nusajaya, Johor                                          |   34 | CR009         |
| A010         | Allan      | Skywalker   | allanskywalker99@gmail.com | 011-7741258 | 880103-10-0473 | 54, Jalan Subang, Industries Park, 4761 Subang Jaya, Selangor                            |   35 | CR010         |
+--------------+------------+-------------+----------------------------+-------------+----------------+------------------------------------------------------------------------------------------+------+---------------+
10 rows in set (0.00 sec)

mysql> select * from resume;
+----------------+--------------+-------------------------------------------+
| APPLICATION_ID | APPLICANT_ID | RESUME_PURPOSE                            |
+----------------+--------------+-------------------------------------------+
| AP001          | A001         | Equipped with finance knowledge           |
| AP002          | A002         | Ability in communication                  |
| AP003          | A003         | Ability in solving problem                |
| AP004          | A004         | Ability in analyzing business data        |
| AP005          | A005         | Ability in communication                  |
| AP006          | A006         | Ability in leadership and time management |
| AP007          | A007         | Equipped with finance knowledge           |
| AP008          | A008         | Ability in communication                  |
| AP009          | A009         | Ability in analyzing business data        |
| AP010          | A010         | Equipped with finance knowledge           |
+----------------+--------------+-------------------------------------------+
10 rows in set (0.00 sec)

mysql> select * from selection_process;
+--------------+------------------+----------------------+---------------+------------+
| SELECTION_ID | APPOINTMENT_DATE | CANDIDATE_CATEGORY   | JOB_RECRUITER | COMPANY_ID |
+--------------+------------------+----------------------+---------------+------------+
| SE001        | 2023-03-27       | Senior Level         | Amy           | C001       |
| SE002        | 2023-03-04       | Junior Level         | Sean          | C002       |
| SE003        | 2023-03-26       | Junior Level         | Allan         | C003       |
| SE004        | 2023-03-16       | Senior Level         | John          | C004       |
| SE005        | 2023-02-25       | Higher Level         | Anderson      | C005       |
| SE006        | 2023-03-04       | Fresh Graduate Level | Emily         | C006       |
| SE007        | 2023-01-30       | Senior Level         | Stan          | C007       |
| SE008        | 2023-02-24       | Higher Level         | Robert        | C008       |
| SE009        | 2023-03-11       | Senior Level         | Nicole        | C009       |
| SE010        | 2023-03-15       | Higher Level         | Jacky         | C010       |
+--------------+------------------+----------------------+---------------+------------+
10 rows in set (0.00 sec)

mysql> select 8 from applicant_evaluation;
+---+
| 8 |
+---+
| 8 |
| 8 |
| 8 |
| 8 |
| 8 |
| 8 |
| 8 |
| 8 |
| 8 |
| 8 |
+---+
10 rows in set (0.00 sec)

mysql> select * from applicant_evaluation:
    -> ;
ERROR 1064 (42000): You have an error in your SQL syntax; check the manual that corresponds to your MySQL server version for the right syntax to use near ':' at line 1
mysql> select * from applicant_evaluation;
+---------------+----------------------------------------------------+--------+----------------+
| EVALUATION_ID | OVERVIEW                                           | RATING | APPLICATION_ID |
+---------------+----------------------------------------------------+--------+----------------+
| EV001         | Good learning ability                              | A      | AP001          |
| EV002         | Job hopper                                         | C      | AP002          |
| EV003         | Weak leadership                                    | C      | AP003          |
| EV004         | Poor communication skill                           | D      | AP004          |
| EV005         | Strong leadership                                  | S      | AP005          |
| EV006         | Lack of experience                                 | C      | AP006          |
| EV007         | Creative thinking                                  | A      | AP007          |
| EV008         | Well experienced with professional knowledge based | A      | AP008          |
| EV009         | Good communication skill                           | B      | AP009          |
| EV010         | Good problem solving skill                         | S      | AP010          |
+---------------+----------------------------------------------------+--------+----------------+
10 rows in set (0.00 sec)

mysql> select * from branch;
+--------------+---------------+----------+-----------------+
| SELECTION_ID | EVALUATION_ID | STATE    | MEETING_ROOM_NO |
+--------------+---------------+----------+-----------------+
| SE001        | EV001         | Penang   | PN1             |
| SE002        | EV002         | Sarawak  | SRW3            |
| SE003        | EV003         | Perak    | PK4             |
| SE004        | EV004         | Selangor | SE3             |
| SE005        | EV005         | Perlis   | PS4             |
| SE006        | EV006         | Melaka   | MK5             |
| SE007        | EV007         | Pahang   | PH2             |
| SE008        | EV008         | Johor    | JH1             |
| SE009        | EV009         | Sabah    | SB2             |
| SE010        | EV010         | Selangor | SE2             |
+--------------+---------------+----------+-----------------+
10 rows in set (0.00 sec)

mysql> select * from application_test;
+---------+------------+----------+------------------+-------+----------------+
| TEST_ID | START_TIME | END_TIME | TEST_CATEGORY    | SCORE | APPLICATION_ID |
+---------+------------+----------+------------------+-------+----------------+
| TT001   | 12:00:00   | 14:00:00 | Perfomance-Based |    95 | AP001          |
| TT002   | 12:00:00   | 14:00:00 | Perfomance-Based |    70 | AP002          |
| TT003   | 14:00:00   | 16:00:00 | Communication    |    60 | AP003          |
| TT004   | 12:00:00   | 14:00:00 | Behavioural      |    68 | AP004          |
| TT005   | 14:00:00   | 16:00:00 | Communication    |    92 | AP005          |
| TT006   | 12:00:00   | 14:00:00 | Perfomance-Based |    74 | AP006          |
| TT007   | 14:00:00   | 16:00:00 | Perfomance-Based |    93 | AP007          |
| TT008   | 14:00:00   | 16:00:00 | Communication    |    90 | AP008          |
| TT009   | 12:00:00   | 14:00:00 | Bahavioural      |    88 | AP009          |
| TT010   | 14:00:00   | 16:00:00 | Communication    |    97 | AP010          |
+---------+------------+----------+------------------+-------+----------------+
10 rows in set (0.00 sec)

mysql> select * from interview;
+--------------+---------+------------------+----------+
| SELECTION_ID | TEST_ID | APPOINTMENT_TIME | QUESTION |
+--------------+---------+------------------+----------+
| SE001        | TT001   | 00:00:10         | SETA1    |
| SE002        | TT002   | 00:00:10         | SETA3    |
| SE003        | TT003   | 00:00:12         | SETB2    |
| SE004        | TT004   | 00:00:10         | SETC2    |
| SE005        | TT005   | 00:00:12         | SETB1    |
| SE006        | TT006   | 00:00:10         | SETA3    |
| SE007        | TT007   | 00:00:12         | SETA2    |
| SE008        | TT008   | 00:00:12         | SETB3    |
| SE009        | TT009   | 00:00:10         | SETC2    |
| SE010        | TT010   | 00:00:12         | SETB1    |
+--------------+---------+------------------+----------+
10 rows in set (0.00 sec)

mysql> select * from test_result;
+-----------+------------------+------------------+-----------------+----------------+---------+
| RESULT_ID | KNOWLEDGE_GRADES | PRACTICAL_GRADES | ATTITUDE_GRADES | OVERALL_GRADES | TEST_ID |
+-----------+------------------+------------------+-----------------+----------------+---------+
| R001      | A                | A                | A               | A              | TT001   |
| R002      | B                | C                | B               | B              | TT002   |
| R003      | C                | B                | C               | C              | TT003   |
| R004      | C                | C                | A               | B              | TT004   |
| R005      | A                | A                | B               | A              | TT005   |
| R006      | B                | C                | A               | B              | TT006   |
| R007      | A                | B                | A               | A              | TT007   |
| R008      | B                | A                | A               | A              | TT008   |
| R009      | A                | C                | A               | A              | TT009   |
| R010      | A                | A                | A               | A              | TT010   |
+-----------+------------------+------------------+-----------------+----------------+---------+
10 rows in set (0.00 sec)

mysql> select * from interview_decision;
+-------------+----------------+-------------+--------------+-----------+
| DECISION_ID | HIRED_DECISION | PASS_STATUS | SELECTION_ID | RESULT_ID |
+-------------+----------------+-------------+--------------+-----------+
| DD001       | Yes            | Pass        | SE001        | R001      |
| DD002       | No             | Fail        | SE002        | R002      |
| DD003       | No             | Fail        | SE003        | R003      |
| DD004       | No             | Fail        | SE004        | R004      |
| DD005       | Yes            | Pass        | SE005        | R005      |
| DD006       | No             | Fail        | SE006        | R006      |
| DD007       | Yes            | Pass        | SE007        | R007      |
| DD008       | Yes            | Pass        | SE008        | R008      |
| DD009       | Yes            | Pass        | SE009        | R009      |
| DD010       | Yes            | Pass        | SE010        | R010      |
+-------------+----------------+-------------+--------------+-----------+
10 rows in set (0.00 sec)

mysql> #query statement 1
mysql> select overview from applicant_evaluation
    -> where rating='A' ;
+----------------------------------------------------+
| overview                                           |
+----------------------------------------------------+
| Good learning ability                              |
| Creative thinking                                  |
| Well experienced with professional knowledge based |
+----------------------------------------------------+
3 rows in set (0.01 sec)

mysql> #query statement 2
mysql> select test_id, test_category, score from application_test
    -> where start_time like '12%'
    -> order by score;
+---------+------------------+-------+
| test_id | test_category    | score |
+---------+------------------+-------+
| TT004   | Behavioural      |    68 |
| TT002   | Perfomance-Based |    70 |
| TT006   | Perfomance-Based |    74 |
| TT009   | Bahavioural      |    88 |
| TT001   | Perfomance-Based |    95 |
+---------+------------------+-------+
5 rows in set (0.00 sec)

mysql> #query statement 3
mysql> update application_test
    -> set start_time=addtime(start_time,'00:30:00');
Query OK, 10 rows affected (0.01 sec)
Rows matched: 10  Changed: 10  Warnings: 0

mysql> select * from application_test;
+---------+------------+----------+------------------+-------+----------------+
| TEST_ID | START_TIME | END_TIME | TEST_CATEGORY    | SCORE | APPLICATION_ID |
+---------+------------+----------+------------------+-------+----------------+
| TT001   | 12:30:00   | 14:00:00 | Perfomance-Based |    95 | AP001          |
| TT002   | 12:30:00   | 14:00:00 | Perfomance-Based |    70 | AP002          |
| TT003   | 14:30:00   | 16:00:00 | Communication    |    60 | AP003          |
| TT004   | 12:30:00   | 14:00:00 | Behavioural      |    68 | AP004          |
| TT005   | 14:30:00   | 16:00:00 | Communication    |    92 | AP005          |
| TT006   | 12:30:00   | 14:00:00 | Perfomance-Based |    74 | AP006          |
| TT007   | 14:30:00   | 16:00:00 | Perfomance-Based |    93 | AP007          |
| TT008   | 14:30:00   | 16:00:00 | Communication    |    90 | AP008          |
| TT009   | 12:30:00   | 14:00:00 | Bahavioural      |    88 | AP009          |
| TT010   | 14:30:00   | 16:00:00 | Communication    |    97 | AP010          |
+---------+------------+----------+------------------+-------+----------------+
10 rows in set (0.00 sec)

mysql> #query statement 4
mysql> select c.job_department, sum(j.num_vacancies) as total_vacancies from job_category c inner join job j
    -> on j.job_id=c.job_id
    -> group by c.job_department;
+------------------+-----------------+
| job_department   | total_vacancies |
+------------------+-----------------+
| Finance          |              13 |
| Marketing        |              10 |
| Customer service |               3 |
| Business         |               6 |
| Sales            |               4 |
| Human resource   |               6 |
+------------------+-----------------+
6 rows in set (0.01 sec)

mysql> #query statement 5
mysql> select education_level, sum(submission_frequency) as total_submission from application_detail
    -> group by education_level
    -> having total_submission<15;
+-----------------+------------------+
| education_level | total_submission |
+-----------------+------------------+
| O-Level         |                5 |
| A-Level         |                3 |
| Master          |                3 |
| Phd             |                3 |
+-----------------+------------------+
4 rows in set (0.01 sec)

mysql> #query statement 6
mysql> select d.decision_id, d.pass_status, r.overall_grades from interview_decision d inner join test_result r
    -> on r.result_id=d.result_id
    -> where overall_grades='A';
+-------------+-------------+----------------+
| decision_id | pass_status | overall_grades |
+-------------+-------------+----------------+
| DD001       | Pass        | A              |
| DD005       | Pass        | A              |
| DD007       | Pass        | A              |
| DD008       | Pass        | A              |
| DD009       | Pass        | A              |
| DD010       | Pass        | A              |
+-------------+-------------+----------------+
6 rows in set (0.00 sec)

mysql> select d.document_type, a.date_application, a.education_level, a.experience from applicant_document d inner join application_detail a on d.document_id=a.docuemnt_id;
ERROR 1054 (42S22): Unknown column 'a.docuemnt_id' in 'on clause'
mysql> select d.document_type, a.date_application, a.education_level, a.experience from applicant_document d inner join application_detail a on d.document_id=a.document_id;
+---------------+------------------+-----------------+------------+
| document_type | date_application | education_level | experience |
+---------------+------------------+-----------------+------------+
| SoftCopy      | 2023-03-01       | Degree          | 5 Years    |
| HardCopy      | 2023-02-13       | O-Level         | 4 Years    |
| HardCopy      | 2023-03-01       | A-Level         | 3 Years    |
| SoftCopy      | 2023-02-24       | Degree          | 4 Years    |
| SoftCopy      | 2023-02-01       | Degree          | 13 Years   |
| SoftCopy      | 2023-02-12       | Degree          | 1 Years    |
| SoftCopy      | 2023-01-09       | Degree          | 5 Years    |
| SoftCopy      | 2023-02-01       | Master          | 10 Years   |
| SoftCopy      | 2023-02-17       | Degree          | 8 Years    |
| SoftCopy      | 2023-02-20       | Phd             | 10 Years   |
+---------------+------------------+-----------------+------------+
10 rows in set (0.00 sec)

mysql> #query statement 8
mysql> select d.decision_id, r.knowledge_grades,r.practical_grades,r.attitude_grades,a.test_id
    -> from interview_decision d inner join test_result r
    -> on r.result_id=d.result_id
    -> inner join application_test a on a.test_id=r.test_id
    -> where d.hired_decision='Yes' and a.test_category='perfomance_based';
Empty set (0.00 sec)

mysql> #query statement 8
mysql> select d.decision_id, r.knowledge_grades,r.practical_grades,r.attitude_grades,a.test_id
    -> from interview_decision d inner join test_result r
    ->  on r.result_id=d.result_id
    -> inner join application_test a on a.test_id=r.test_id
    -> where d.hired_decision='Yes' and a.test_category='perfomance-based';
+-------------+------------------+------------------+-----------------+---------+
| decision_id | knowledge_grades | practical_grades | attitude_grades | test_id |
+-------------+------------------+------------------+-----------------+---------+
| DD001       | A                | A                | A               | TT001   |
| DD007       | A                | B                | A               | TT007   |
+-------------+------------------+------------------+-----------------+---------+
2 rows in set (0.00 sec)

mysql> #query statement 9
mysql> select max(experience), min(experience), avg(experience) from application_detail
    -> where education_level='degree';
+-----------------+-----------------+-----------------+
| max(experience) | min(experience) | avg(experience) |
+-----------------+-----------------+-----------------+
| 8 Years         | 1 Years         |               6 |
+-----------------+-----------------+-----------------+
1 row in set, 6 warnings (0.01 sec)

mysql> delete  job_position
    -> where job_title='Business Analyst';
ERROR 1064 (42000): You have an error in your SQL syntax; check the manual that corresponds to your MySQL server version for the right syntax to use near 'where job_title='Business Analyst'' at line 2
mysql> delete job_postion
    -> where job_title='Business analyst';
ERROR 1064 (42000): You have an error in your SQL syntax; check the manual that corresponds to your MySQL server version for the right syntax to use near 'where job_title='Business analyst'' at line 2
mysql> delete job_position
    -> where JOB_TITLE ='Business analyst' ;
ERROR 1064 (42000): You have an error in your SQL syntax; check the manual that corresponds to your MySQL server version for the right syntax to use near 'where JOB_TITLE ='Business analyst'' at line 2
mysql> delete from job_position
    -> where JOB_TITLE ='Business analyst' ;
Query OK, 2 rows affected (0.01 sec)

mysql> select * from job_postion;
ERROR 1146 (42S02): Table 'jobrecruitmentsystem.job_postion' doesn't exist
mysql> select * from job_posiiton;
ERROR 1146 (42S02): Table 'jobrecruitmentsystem.job_posiiton' doesn't exist
mysql> select * from job_position;
+-----------------+------------------------------+----------------------------------------------------------------+--------+
| JOB_POSITION_ID | JOB_TITLE                    | JOB_PURPOSE                                                    | JOB_ID |
+-----------------+------------------------------+----------------------------------------------------------------+--------+
| JP001           | Accountant                   | Management and reporting of financial data                     | J001   |
| JP002           | Social media manager         | Identifying trends in customer interactions                    | J002   |
| JP003           | Technical support specialist | Providing technical support                                    | J003   |
| JP005           | Sales trainee                | Observing the sales process by assisting sales representatives | J005   |
| JP006           | Human resources manager      | Overseeing the administrative functions of an organization     | J006   |
| JP007           | Chief financial officer      | Racking cash flow and financial planning                       | J007   |
| JP008           | Product manager              | Identifying  customer need and  larger business objectives     | J008   |
| JP010           | Finance manager              | Budget planning                                                | J010   |
+-----------------+------------------------------+----------------------------------------------------------------+--------+
8 rows in set (0.00 sec)

mysql> select * from applicant
    -> where age between 25 and 35;
+--------------+------------+-----------+----------------------------+-------------+----------------+------------------------------------------------------------------------------------------+------+---------------+
| APPLICANT_ID | FIRST_NAME | LAST_NAME | EMAIL                      | PHONENUMBER | IC_NO          | HOME_ADDRESS                                                                             | AGE  | CREDENTIAL_ID |
+--------------+------------+-----------+----------------------------+-------------+----------------+------------------------------------------------------------------------------------------+------+---------------+
| A001         | Eric       | Louis     | ericlouis90@gmail.com      | 012-9339692 | 941112-10-5847 | No.20 Mankato Mississippi 96522 Selangor                                                 |   29 | CR001         |
| A002         | Adam       | Zafar     | adamzafar32@gmail.com      | 010-5990205 | 970123-13-6083 | No.17 Frederick Nebraska 20620 Sarawak                                                   |   26 | CR002         |
| A004         | Steve      | Job       | stevejob60@gmail.com       | 016-7667173 | 901220-09-7147 | No.69 San Antonio 47096 Perlis                                                           |   33 | CR004         |
| A006         | Anakin     | Yee       | anakinyeeee@gmail.com      | 010-5984453 | 980715-14-8573 | 9,  Jalan Kaskas, Taman Cheras, 52082 Cheras, Wilayah Persekutuan Kuala Lumpur, Malaysia |   25 | CR006         |
| A007         | Janice     | Wong      | Janiceee_77@gmail.com      | 019-3774189 | 920422-07-5104 | 84, Lebuh Pasar, George Town, 10933 George Town, Pulau Pinang                            |   31 | CR007         |
| A009         | Henry      | Lau       | henrylau1980@gmail.com     | 018-3364758 | 891225-01-2167 | 44, Jln Medini Sentral 5, 79194 Nusajaya, Johor                                          |   34 | CR009         |
| A010         | Allan      | Skywalker | allanskywalker99@gmail.com | 011-7741258 | 880103-10-0473 | 54, Jalan Subang, Industries Park, 4761 Subang Jaya, Selangor                            |   35 | CR010         |
+--------------+------------+-----------+----------------------------+-------------+----------------+------------------------------------------------------------------------------------------+------+---------------+
7 rows in set (0.01 sec)

mysql> Terminal close -- exit!
